src/pages/admin/admin-courses-page.tsx(130,14): error TS2345: Argument of type '{ isFormOpen: true; editingCourseId: string; form: { title: string; description: string; status: CourseStatus; workload_hours: number; thumbnail_url: string; }; }' is not assignable to parameter of type 'SetStateAction<CourseEditorDraft>'.
  Property 'isUploadingThumbnail' is missing in type '{ isFormOpen: true; editingCourseId: string; form: { title: string; description: string; status: CourseStatus; workload_hours: number; thumbnail_url: string; }; }' but required in type 'CourseEditorDraft'.
